106.6.61.226 - - [25/Dec/2017:11:23:51 +0800] "GET /css/png_n-com-manage.css HTTP/1.1" 200 2186 "http://tc.baidajob.com/co-860516.html" "Mozilla/5.0 (Windows NT 6.1; WOW64) AppleWebKit/537.36 (KHTML, like Gecko) Chrome/55.0.2883.87 Safari/537.36" "-" tc.baidajob.com
123.60.101.17 - - [25/Dec/2017:11:23:51 +0800] "GET /images/logo_wap.png HTTP/1.1" 404 18517 "-" "Baiduspider" "-" ndt.baidajob.com
106.6.61.226 - - [25/Dec/2017:11:23:51 +0800] "GET /js/jquery.min.js?20140722%2014:10 HTTP/1.1" 200 157202 "http://tc.baidajob.com/co-860516.html" "Mozilla/5.0 (Windows NT 6.1; WOW64) AppleWebKit/537.36 (KHTML, like Gecko) Chrome/55.0.2883.87 Safari/537.36" "-" tc.baidajob.com
106.6.61.226 - - [25/Dec/2017:11:23:51 +0800] "GET /js/baidajob.min.js HTTP/1.1" 200 69585 "http://tc.baidajob.com/co-860516.html" "Mozilla/5.0 (Windows NT 6.1; WOW64) AppleWebKit/537.36 (KHTML, like Gecko) Chrome/55.0.2883.87 Safari/537.36" "-" tc.baidajob.com
106.6.61.226 - - [25/Dec/2017:11:23:51 +0800] "GET /_wedload/js/wls.js HTTP/1.1" 200 4457 "http://tc.baidajob.com/co-860516.html" "Mozilla/5.0 (Windows NT 6.1; WOW64) AppleWebKit/537.36 (KHTML, like Gecko) Chrome/55.0.2883.87 Safari/537.36" "-" tc.baidajob.com
23.105.74.106 - - [25/Dec/2017:11:23:51 +0800] "GET /invite-1676371.html HTTP/1.0" 200 34236 "-" "-" "-" lq.baidajob.com
117.64.142.11 - - [25/Dec/2017:11:23:51 +0800] "GET /company/user/sendveirfy?verify&user_mobile=17805439656 HTTP/1.1" 499 0 "-" "Mozilla/4.0 (compatible; MSIE 7.0; Windows NT 5.1; 360SE)" "-" coating.baidajob.com
106.6.61.226 - - [25/Dec/2017:11:23:51 +0800] "GET /js/baidu.map.js HTTP/1.1" 200 1709 "http://tc.baidajob.com/co-860516.html" "Mozilla/5.0 (Windows NT 6.1; WOW64) AppleWebKit/537.36 (KHTML, like Gecko) Chrome/55.0.2883.87 Safari/537.36" "-" tc.baidajob.com
106.6.61.226 - - [25/Dec/2017:11:23:52 +0800] "GET /js/jquery.validator.js HTTP/1.1" 200 18064 "http://tc.baidajob.com/co-860516.html" "Mozilla/5.0 (Windows NT 6.1; WOW64) AppleWebKit/537.36 (KHTML, like Gecko) Chrome/55.0.2883.87 Safari/537.36" "-" tc.baidajob.com
106.6.61.226 - - [25/Dec/2017:11:23:52 +0800] "GET /js/xheditor.min.js HTTP/1.1" 200 61074 "http://tc.baidajob.com/co-860516.html" "Mozilla/5.0 (Windows NT 6.1; WOW64) AppleWebKit/537.36 (KHTML, like Gecko) Chrome/55.0.2883.87 Safari/537.36" "-" tc.baidajob.com
111.206.36.10 - - [25/Dec/2017:11:23:52 +0800] "GET /invite-5276687.html HTTP/1.1" 200 8129 "http://www.baidu.com/s?wd=V79" "Mozilla/5.0 (Windows NT 6.1; WOW64; rv:43.0) Gecko/20100101 Firefox/43.0" "-" dl.baidajob.com
121.34.154.205 - - [25/Dec/2017:11:23:52 +0800] "GET /wpad.dat HTTP/1.1" 404 15909 "-" "WinHttp-Autoproxy-Service/5.1" "-" 119.147.213.164
205.164.26.84 - - [25/Dec/2017:11:23:52 +0800] "GET /co-2082558.html HTTP/1.1" 301 20 "http://jr.baidajob.com/co-2082558.html" "Mozilla/5.0 (compatible; Baiduspider/2.0; +http://www.baidu.com/search/spider.html)" "-" jr.baidajob.com
106.6.61.226 - - [25/Dec/2017:11:23:52 +0800] "GET /js/areaSelector.js HTTP/1.1" 200 18561 "http://tc.baidajob.com/co-860516.html" "Mozilla/5.0 (Windows NT 6.1; WOW64) AppleWebKit/537.36 (KHTML, like Gecko) Chrome/55.0.2883.87 Safari/537.36" "-" tc.baidajob.com
111.206.36.10 - - [25/Dec/2017:11:23:52 +0800] "GET /css/base.css?20140722%2014:10 HTTP/1.1" 200 10824 "http://dl.baidajob.com/invite-5276687.html" "Mozilla/5.0 (Windows NT 6.1; WOW64; rv:43.0) Gecko/20100101 Firefox/43.0" "-" dl.baidajob.com
111.206.36.135 - - [25/Dec/2017:11:23:52 +0800] "GET /css/ui-base.css?20140722%2014:10 HTTP/1.1" 200 4730 "http://dl.baidajob.com/invite-5276687.html" "Mozilla/5.0 (Windows NT 6.1; WOW64; rv:43.0) Gecko/20100101 Firefox/43.0" "-" dl.baidajob.com
111.206.36.133 - - [25/Dec/2017:11:23:52 +0800] "GET /css/baidajob.css HTTP/1.1" 200 6375 "http://dl.baidajob.com/invite-5276687.html" "Mozilla/5.0 (Windows NT 6.1; WOW64; rv:43.0) Gecko/20100101 Firefox/43.0" "-" dl.baidajob.com
111.206.36.16 - - [25/Dec/2017:11:23:52 +0800] "GET /css/n-com-manage.css HTTP/1.1" 200 12266 "http://dl.baidajob.com/invite-5276687.html" "Mozilla/5.0 (Windows NT 6.1; WOW64; rv:43.0) Gecko/20100101 Firefox/43.0" "-" dl.baidajob.com
54.36.148.202 - - [25/Dec/2017:11:23:52 +0800] "GET /invite-4070351.html HTTP/1.1" 200 7957 "-" "Mozilla/5.0 (compatible; AhrefsBot/5.2; +http://ahrefs.com/robot/)" "-" media.baidajob.com
111.206.36.13 - - [25/Dec/2017:11:23:52 +0800] "GET /js/jsloader.js?20140722%2014:10 HTTP/1.1" 200 8892 "http://dl.baidajob.com/invite-5276687.html" "Mozilla/5.0 (Windows NT 6.1; WOW64; rv:43.0) Gecko/20100101 Firefox/43.0" "-" dl.baidajob.com
175.20.88.203 - - [25/Dec/2017:11:23:52 +0800] "HEAD / HTTP/1.1" 200 0 "-" "Mozilla/5.0 (compatible; JikeSpider; +http://shoulu.jike.com/spider.html)" "-" fc.baidajob.com
111.206.36.9 - - [25/Dec/2017:11:23:52 +0800] "GET /front/index/search?obj=showsearch HTTP/1.1" 200 2050 "http://xjxl.baidajob.com/co-1555057.html" "Mozilla/5.0 (Windows NT 6.1; WOW64; rv:43.0) Gecko/20100101 Firefox/43.0" "-" xjxl.baidajob.com
111.206.36.10 - - [25/Dec/2017:11:23:52 +0800] "GET /js/jquery.scrollLoading-min.js?20140722%2014:10 HTTP/1.1" 200 1804 "http://dl.baidajob.com/invite-5276687.html" "Mozilla/5.0 (Windows NT 6.1; WOW64; rv:43.0) Gecko/20100101 Firefox/43.0" "-" dl.baidajob.com
106.6.61.226 - - [25/Dec/2017:11:23:52 +0800] "GET /js/base.js HTTP/1.1" 200 25575 "http://tc.baidajob.com/co-860516.html" "Mozilla/5.0 (Windows NT 6.1; WOW64) AppleWebKit/537.36 (KHTML, like Gecko) Chrome/55.0.2883.87 Safari/537.36" "-" tc.baidajob.com
111.206.36.135 - - [25/Dec/2017:11:23:52 +0800] "GET /js/jquery.corner.js HTTP/1.1" 200 11226 "http://dl.baidajob.com/invite-5276687.html" "Mozilla/5.0 (Windows NT 6.1; WOW64; rv:43.0) Gecko/20100101 Firefox/43.0" "-" dl.baidajob.com
111.206.36.16 - - [25/Dec/2017:11:23:52 +0800] "GET /js/personal.js HTTP/1.1" 200 30265 "http://dl.baidajob.com/invite-5276687.html" "Mozilla/5.0 (Windows NT 6.1; WOW64; rv:43.0) Gecko/20100101 Firefox/43.0" "-" dl.baidajob.com
111.206.36.133 - - [25/Dec/2017:11:23:52 +0800] "GET /js/jquery.datepicker.js HTTP/1.1" 200 21877 "http://dl.baidajob.com/invite-5276687.html" "Mozilla/5.0 (Windows NT 6.1; WOW64; rv:43.0) Gecko/20100101 Firefox/43.0" "-" dl.baidajob.com
111.206.36.135 - - [25/Dec/2017:11:23:52 +0800] "GET /_wedload/css/css.css HTTP/1.1" 200 189 "http://dl.baidajob.com/invite-5276687.html" "Mozilla/5.0 (Windows NT 6.1; WOW64; rv:43.0) Gecko/20100101 Firefox/43.0" "-" dl.baidajob.com
54.36.149.14 - - [25/Dec/2017:11:23:52 +0800] "GET /invite-1862830.html HTTP/1.1" 200 7350 "-" "Mozilla/5.0 (compatible; AhrefsBot/5.2; +http://ahrefs.com/robot/)" "-" ylrq.baidajob.com
111.206.36.10 - - [25/Dec/2017:11:23:52 +0800] "GET /js/jquery.dropSelect.js HTTP/1.1" 200 4143 "http://dl.baidajob.com/invite-5276687.html" "Mozilla/5.0 (Windows NT 6.1; WOW64; rv:43.0) Gecko/20100101 Firefox/43.0" "-" dl.baidajob.com
111.206.36.13 - - [25/Dec/2017:11:23:52 +0800] "GET /_wedload/js/wls.js HTTP/1.1" 200 4457 "http://dl.baidajob.com/invite-5276687.html" "Mozilla/5.0 (Windows NT 6.1; WOW64; rv:43.0) Gecko/20100101 Firefox/43.0" "-" dl.baidajob.com
111.206.36.8 - - [25/Dec/2017:11:23:52 +0800] "GET /js/jquery.min.js?20140722%2014:10 HTTP/1.1" 200 157202 "http://dl.baidajob.com/invite-5276687.html" "Mozilla/5.0 (Windows NT 6.1; WOW64; rv:43.0) Gecko/20100101 Firefox/43.0" "-" dl.baidajob.com
106.6.61.226 - - [25/Dec/2017:11:23:52 +0800] "GET /js/jquery.scroll-follow.js HTTP/1.1" 200 7933 "http://tc.baidajob.com/co-860516.html" "Mozilla/5.0 (Windows NT 6.1; WOW64) AppleWebKit/537.36 (KHTML, like Gecko) Chrome/55.0.2883.87 Safari/537.36" "-" tc.baidajob.com
111.206.36.135 - - [25/Dec/2017:11:23:52 +0800] "GET /css/png_n-com-manage.css HTTP/1.1" 200 2186 "http://dl.baidajob.com/invite-5276687.html" "Mozilla/5.0 (Windows NT 6.1; WOW64; rv:43.0) Gecko/20100101 Firefox/43.0" "-" dl.baidajob.com
113.104.166.177 - - [25/Dec/2017:11:23:52 +0800] "GET /css/ui-base.css?20140722%2014:10 HTTP/1.1" 200 4730 "http://cache.baiducontent.com/c?m=9d78d513d9d430db4f9c95697c17c0171e4381132ba6a30209d68449e3732d45501090ac26520775d1d2086316ae394b9afb2105371450b08cbf8d5ddccb85585b9f5630676cf75662a20eaebb5153c037e658fede6df0cc872592dec5a3d44320ba44740a9780fc4d0065dd1efa034093b1e83b022b66aeaa703bf003316fdd3441c55ae4be65381081818d0f179579883c4180af42e1634da842f9081b5247a74ab702522727e0387db91b63&p=9e3d8f16d9c111a052eddd354208&newp=87759a4fd69b5ffc57efd22c525d92695803ed623fd4c44324b9d71fd325001c1b69e7bc25201707d3c1796102a9485bebf73570301766dada9fca458ae7c47031&user=baidu&fm=sc&query=%CF%C3%C3%C5%CA%D0%D6%DA%C0%F6%B9%E2%B5%E7%BF%C6%BC%BC%D3%D0%CF%DE%B9%AB%CB%BE++%C8%CB%CA%FD&qid=93c54f1500005795&p1=4" "Mozilla/4.0 (compatible; MSIE 7.0; Windows NT 6.1; Trident/5.0; SLCC2; .NET CLR 2.0.50727; .NET CLR 3.5.30729; .NET CLR 3.0.30729; Media Center PC 6.0; InfoPath.2; .NET CLR 3.0.4506.2152; .NET4.0C; .NET4.0E)" "-" led.baidajob.com
113.104.166.177 - - [25/Dec/2017:11:23:52 +0800] "GET /css/base.css?20140722%2014:10 HTTP/1.1" 200 10824 "http://cache.baiducontent.com/c?m=9d78d513d9d430db4f9c95697c17c0171e4381132ba6a30209d68449e3732d45501090ac26520775d1d2086316ae394b9afb2105371450b08cbf8d5ddccb85585b9f5630676cf75662a20eaebb5153c037e658fede6df0cc872592dec5a3d44320ba44740a9780fc4d0065dd1efa034093b1e83b022b66aeaa703bf003316fdd3441c55ae4be65381081818d0f179579883c4180af42e1634da842f9081b5247a74ab702522727e0387db91b63&p=9e3d8f16d9c111a052eddd354208&newp=87759a4fd69b5ffc57efd22c525d92695803ed623fd4c44324b9d71fd325001c1b69e7bc25201707d3c1796102a9485bebf73570301766dada9fca458ae7c47031&user=baidu&fm=sc&query=%CF%C3%C3%C5%CA%D0%D6%DA%C0%F6%B9%E2%B5%E7%BF%C6%BC%BC%D3%D0%CF%DE%B9%AB%CB%BE++%C8%CB%CA%FD&qid=93c54f1500005795&p1=4" "Mozilla/4.0 (compatible; MSIE 7.0; Windows NT 6.1; Trident/5.0; SLCC2; .NET CLR 2.0.50727; .NET CLR 3.5.30729; .NET CLR 3.0.30729; Media Center PC 6.0; InfoPath.2; .NET CLR 3.0.4506.2152; .NET4.0C; .NET4.0E)" "-" led.baidajob.com
111.206.36.141 - - [25/Dec/2017:11:23:52 +0800] "GET /js/base.js HTTP/1.1" 200 25575 "http://xjxl.baidajob.com/co-1555057.html" "Mozilla/5.0 (Windows NT 6.1; WOW64; rv:43.0) Gecko/20100101 Firefox/43.0" "-" xjxl.baidajob.com
106.6.61.226 - - [25/Dec/2017:11:23:52 +0800] "GET /upload/bd/logo/111002.png HTTP/1.1" 200 9164 "http://tc.baidajob.com/co-860516.html" "Mozilla/5.0 (Windows NT 6.1; WOW64) AppleWebKit/537.36 (KHTML, like Gecko) Chrome/55.0.2883.87 Safari/537.36" "-" tc.baidajob.com
123.125.67.166 - - [25/Dec/2017:11:23:52 +0800] "GET /robots.txt HTTP/1.1" 200 171 "-" "Mozilla/5.0 (Windows NT 10.0; WOW64) AppleWebKit/537.36 (KHTML, like Gecko) Chrome/45.0.2454.93 Safari/537.36" "-" hgzb.baidajob.com
113.104.166.177 - - [25/Dec/2017:11:23:52 +0800] "GET /css/n-com-manage.css HTTP/1.1" 200 12266 "http://cache.baiducontent.com/c?m=9d78d513d9d430db4f9c95697c17c0171e4381132ba6a30209d68449e3732d45501090ac26520775d1d2086316ae394b9afb2105371450b08cbf8d5ddccb85585b9f5630676cf75662a20eaebb5153c037e658fede6df0cc872592dec5a3d44320ba44740a9780fc4d0065dd1efa034093b1e83b022b66aeaa703bf003316fdd3441c55ae4be65381081818d0f179579883c4180af42e1634da842f9081b5247a74ab702522727e0387db91b63&p=9e3d8f16d9c111a052eddd354208&newp=87759a4fd69b5ffc57efd22c525d92695803ed623fd4c44324b9d71fd325001c1b69e7bc25201707d3c1796102a9485bebf73570301766dada9fca458ae7c47031&user=baidu&fm=sc&query=%CF%C3%C3%C5%CA%D0%D6%DA%C0%F6%B9%E2%B5%E7%BF%C6%BC%BC%D3%D0%CF%DE%B9%AB%CB%BE++%C8%CB%CA%FD&qid=93c54f1500005795&p1=4" "Mozilla/4.0 (compatible; MSIE 7.0; Windows NT 6.1; Trident/5.0; SLCC2; .NET CLR 2.0.50727; .NET CLR 3.5.30729; .NET CLR 3.0.30729; Media Center PC 6.0; InfoPath.2; .NET CLR 3.0.4506.2152; .NET4.0C; .NET4.0E)" "-" led.baidajob.com
183.215.127.207 - - [25/Dec/2017:11:23:52 +0800] "GET /company/user/sendveirfy?verify&user_mobile=15374340676 HTTP/1.1" 200 120 "-" "Mozilla/5.0 (Windows; U; Windows NT 6.1; en-us) AppleWebKit/534.50 (KHTML, like Gecko) Version/5.1 Safari/534.50" "-" coating.baidajob.com
106.6.61.226 - - [25/Dec/2017:11:23:52 +0800] "GET /images/img_bottom_1.png HTTP/1.1" 200 2016 "http://tc.baidajob.com/co-860516.html" "Mozilla/5.0 (Windows NT 6.1; WOW64) AppleWebKit/537.36 (KHTML, like Gecko) Chrome/55.0.2883.87 Safari/537.36" "-" tc.baidajob.com
106.6.61.226 - - [25/Dec/2017:11:23:52 +0800] "GET /images/img_bottom_0.png HTTP/1.1" 200 4873 "http://tc.baidajob.com/co-860516.html" "Mozilla/5.0 (Windows NT 6.1; WOW64) AppleWebKit/537.36 (KHTML, like Gecko) Chrome/55.0.2883.87 Safari/537.36" "-" tc.baidajob.com
106.6.61.226 - - [25/Dec/2017:11:23:52 +0800] "GET /images/weibin_logo.png HTTP/1.1" 200 21653 "http://tc.baidajob.com/css/base.css?20140722%2014:10" "Mozilla/5.0 (Windows NT 6.1; WOW64) AppleWebKit/537.36 (KHTML, like Gecko) Chrome/55.0.2883.87 Safari/537.36" "-" tc.baidajob.com
106.6.61.226 - - [25/Dec/2017:11:23:52 +0800] "GET /images/img_bottom_3.png HTTP/1.1" 200 2788 "http://tc.baidajob.com/co-860516.html" "Mozilla/5.0 (Windows NT 6.1; WOW64) AppleWebKit/537.36 (KHTML, like Gecko) Chrome/55.0.2883.87 Safari/537.36" "-" tc.baidajob.com
106.6.61.226 - - [25/Dec/2017:11:23:52 +0800] "GET /images/img_bottom_2.png HTTP/1.1" 200 3848 "http://tc.baidajob.com/co-860516.html" "Mozilla/5.0 (Windows NT 6.1; WOW64) AppleWebKit/537.36 (KHTML, like Gecko) Chrome/55.0.2883.87 Safari/537.36" "-" tc.baidajob.com
113.104.166.177 - - [25/Dec/2017:11:23:52 +0800] "GET /css/baidajob.css HTTP/1.1" 200 6375 "http://cache.baiducontent.com/c?m=9d78d513d9d430db4f9c95697c17c0171e4381132ba6a30209d68449e3732d45501090ac26520775d1d2086316ae394b9afb2105371450b08cbf8d5ddccb85585b9f5630676cf75662a20eaebb5153c037e658fede6df0cc872592dec5a3d44320ba44740a9780fc4d0065dd1efa034093b1e83b022b66aeaa703bf003316fdd3441c55ae4be65381081818d0f179579883c4180af42e1634da842f9081b5247a74ab702522727e0387db91b63&p=9e3d8f16d9c111a052eddd354208&newp=87759a4fd69b5ffc57efd22c525d92695803ed623fd4c44324b9d71fd325001c1b69e7bc25201707d3c1796102a9485bebf73570301766dada9fca458ae7c47031&user=baidu&fm=sc&query=%CF%C3%C3%C5%CA%D0%D6%DA%C0%F6%B9%E2%B5%E7%BF%C6%BC%BC%D3%D0%CF%DE%B9%AB%CB%BE++%C8%CB%CA%FD&qid=93c54f1500005795&p1=4" "Mozilla/4.0 (compatible; MSIE 7.0; Windows NT 6.1; Trident/5.0; SLCC2; .NET CLR 2.0.50727; .NET CLR 3.5.30729; .NET CLR 3.0.30729; Media Center PC 6.0; InfoPath.2; .NET CLR 3.0.4506.2152; .NET4.0C; .NET4.0E)" "-" led.baidajob.com
111.206.36.13 - - [25/Dec/2017:11:23:52 +0800] "GET /js/jquery.validator.js HTTP/1.1" 200 18064 "http://dl.baidajob.com/invite-5276687.html" "Mozilla/5.0 (Windows NT 6.1; WOW64; rv:43.0) Gecko/20100101 Firefox/43.0" "-" dl.baidajob.com
111.206.36.8 - - [25/Dec/2017:11:23:52 +0800] "GET /js/areaSelector.js HTTP/1.1" 200 18561 "http://dl.baidajob.com/invite-5276687.html" "Mozilla/5.0 (Windows NT 6.1; WOW64; rv:43.0) Gecko/20100101 Firefox/43.0" "-" dl.baidajob.com
111.206.36.133 - - [25/Dec/2017:11:23:52 +0800] "GET /js/base.js HTTP/1.1" 200 25575 "http://dl.baidajob.com/invite-5276687.html" "Mozilla/5.0 (Windows NT 6.1; WOW64; rv:43.0) Gecko/20100101 Firefox/43.0" "-" dl.baidajob.com
111.206.36.135 - - [25/Dec/2017:11:23:52 +0800] "GET /js/xheditor.min.js HTTP/1.1" 200 61074 "http://dl.baidajob.com/invite-5276687.html" "Mozilla/5.0 (Windows NT 6.1; WOW64; rv:43.0) Gecko/20100101 Firefox/43.0" "-" dl.baidajob.com
121.34.154.205 - - [25/Dec/2017:11:23:52 +0800] "GET /person/user/check?pe_email&q=1096373845%40qq.com HTTP/1.1" 200 43 "http://wwww.baidajob.com/person/user/register" "Mozilla/5.0 (Windows NT 6.1; Win64; x64) AppleWebKit/537.36 (KHTML, like Gecko) Chrome/57.0.2987.133 Safari/537.36" "-" wwww.baidajob.com
121.34.154.205 - - [25/Dec/2017:11:23:52 +0800] "GET /wpad.dat HTTP/1.1" 404 15909 "-" "WinHttp-Autoproxy-Service/5.1" "-" 119.147.213.164
111.206.36.16 - - [25/Dec/2017:11:23:52 +0800] "GET /js/jquery.scroll-follow.js HTTP/1.1" 200 7933 "http://dl.baidajob.com/invite-5276687.html" "Mozilla/5.0 (Windows NT 6.1; WOW64; rv:43.0) Gecko/20100101 Firefox/43.0" "-" dl.baidajob.com
36.5.197.128 - - [25/Dec/2017:11:23:52 +0800] "GET /company/user/sendveirfy?verify&user_mobile=18155696555 HTTP/1.1" 200 120 "-" "Mozilla/4.0 (compatible; MSIE 7.0; Windows NT 5.1; 360SE)" "-" coating.baidajob.com
175.20.88.200 - - [25/Dec/2017:11:23:52 +0800] "GET /invite-946877.html HTTP/1.1" 200 7130 "-" "Mozilla/5.0" "-" www.baidajob.com
111.206.36.10 - - [25/Dec/2017:11:23:52 +0800] "GET /js/baidajob.min.js HTTP/1.1" 200 69585 "http://dl.baidajob.com/invite-5276687.html" "Mozilla/5.0 (Windows NT 6.1; WOW64; rv:43.0) Gecko/20100101 Firefox/43.0" "-" dl.baidajob.com
106.6.61.226 - - [25/Dec/2017:11:23:52 +0800] "GET /images/ds-index-bg.png HTTP/1.1" 200 2423 "http://tc.baidajob.com/css/base.css?20140722%2014:10" "Mozilla/5.0 (Windows NT 6.1; WOW64) AppleWebKit/537.36 (KHTML, like Gecko) Chrome/55.0.2883.87 Safari/537.36" "-" tc.baidajob.com
23.105.74.106 - - [25/Dec/2017:11:23:53 +0800] "GET /invite-1827376.html HTTP/1.0" 200 33903 "-" "-" "-" sc.baidajob.com
113.104.166.177 - - [25/Dec/2017:11:23:53 +0800] "GET /upload/bd/logo/113002.png HTTP/1.1" 200 8574 "http://cache.baiducontent.com/c?m=9d78d513d9d430db4f9c95697c17c0171e4381132ba6a30209d68449e3732d45501090ac26520775d1d2086316ae394b9afb2105371450b08cbf8d5ddccb85585b9f5630676cf75662a20eaebb5153c037e658fede6df0cc872592dec5a3d44320ba44740a9780fc4d0065dd1efa034093b1e83b022b66aeaa703bf003316fdd3441c55ae4be65381081818d0f179579883c4180af42e1634da842f9081b5247a74ab702522727e0387db91b63&p=9e3d8f16d9c111a052eddd354208&newp=87759a4fd69b5ffc57efd22c525d92695803ed623fd4c44324b9d71fd325001c1b69e7bc25201707d3c1796102a9485bebf73570301766dada9fca458ae7c47031&user=baidu&fm=sc&query=%CF%C3%C3%C5%CA%D0%D6%DA%C0%F6%B9%E2%B5%E7%BF%C6%BC%BC%D3%D0%CF%DE%B9%AB%CB%BE++%C8%CB%CA%FD&qid=93c54f1500005795&p1=4" "Mozilla/4.0 (compatible; MSIE 7.0; Windows NT 6.1; Trident/5.0; SLCC2; .NET CLR 2.0.50727; .NET CLR 3.5.30729; .NET CLR 3.0.30729; Media Center PC 6.0; InfoPath.2; .NET CLR 3.0.4506.2152; .NET4.0C; .NET4.0E)" "-" led.baidajob.com
40.77.167.104 - - [25/Dec/2017:11:23:53 +0800] "GET /invite-5753306.html HTTP/1.1" 403 162 "-" "Mozilla/5.0 (compatible; bingbot/2.0; +http://www.bing.com/bingbot.htm)" "-" coating.baidajob.com
113.104.166.177 - - [25/Dec/2017:11:23:53 +0800] "GET /_wedload/css/css.css HTTP/1.1" 200 189 "http://cache.baiducontent.com/c?m=9d78d513d9d430db4f9c95697c17c0171e4381132ba6a30209d68449e3732d45501090ac26520775d1d2086316ae394b9afb2105371450b08cbf8d5ddccb85585b9f5630676cf75662a20eaebb5153c037e658fede6df0cc872592dec5a3d44320ba44740a9780fc4d0065dd1efa034093b1e83b022b66aeaa703bf003316fdd3441c55ae4be65381081818d0f179579883c4180af42e1634da842f9081b5247a74ab702522727e0387db91b63&p=9e3d8f16d9c111a052eddd354208&newp=87759a4fd69b5ffc57efd22c525d92695803ed623fd4c44324b9d71fd325001c1b69e7bc25201707d3c1796102a9485bebf73570301766dada9fca458ae7c47031&user=baidu&fm=sc&query=%CF%C3%C3%C5%CA%D0%D6%DA%C0%F6%B9%E2%B5%E7%BF%C6%BC%BC%D3%D0%CF%DE%B9%AB%CB%BE++%C8%CB%CA%FD&qid=93c54f1500005795&p1=4" "Mozilla/4.0 (compatible; MSIE 7.0; Windows NT 6.1; Trident/5.0; SLCC2; .NET CLR 2.0.50727; .NET CLR 3.5.30729; .NET CLR 3.0.30729; Media Center PC 6.0; InfoPath.2; .NET CLR 3.0.4506.2152; .NET4.0C; .NET4.0E)" "-" led.baidajob.com
123.125.71.49 - - [25/Dec/2017:11:23:53 +0800] "GET /co-921400.html HTTP/1.1" 301 20 "-" "Mozilla/5.0 (compatible; Baiduspider/2.0; +http://www.baidu.com/search/spider.html)" "-" motor.baidajob.com
113.104.166.177 - - [25/Dec/2017:11:23:53 +0800] "GET /images/img_bottom_0.png HTTP/1.1" 499 0 "http://cache.baiducontent.com/c?m=9d78d513d9d430db4f9c95697c17c0171e4381132ba6a30209d68449e3732d45501090ac26520775d1d2086316ae394b9afb2105371450b08cbf8d5ddccb85585b9f5630676cf75662a20eaebb5153c037e658fede6df0cc872592dec5a3d44320ba44740a9780fc4d0065dd1efa034093b1e83b022b66aeaa703bf003316fdd3441c55ae4be65381081818d0f179579883c4180af42e1634da842f9081b5247a74ab702522727e0387db91b63&p=9e3d8f16d9c111a052eddd354208&newp=87759a4fd69b5ffc57efd22c525d92695803ed623fd4c44324b9d71fd325001c1b69e7bc25201707d3c1796102a9485bebf73570301766dada9fca458ae7c47031&user=baidu&fm=sc&query=%CF%C3%C3%C5%CA%D0%D6%DA%C0%F6%B9%E2%B5%E7%BF%C6%BC%BC%D3%D0%CF%DE%B9%AB%CB%BE++%C8%CB%CA%FD&qid=93c54f1500005795&p1=4" "Mozilla/4.0 (compatible; MSIE 7.0; Windows NT 6.1; Trident/5.0; SLCC2; .NET CLR 2.0.50727; .NET CLR 3.5.30729; .NET CLR 3.0.30729; Media Center PC 6.0; InfoPath.2; .NET CLR 3.0.4506.2152; .NET4.0C; .NET4.0E)" "-" led.baidajob.com
113.104.166.177 - - [25/Dec/2017:11:23:53 +0800] "GET /images/img_bottom_1.png HTTP/1.1" 499 0 "http://cache.baiducontent.com/c?m=9d78d513d9d430db4f9c95697c17c0171e4381132ba6a30209d68449e3732d45501090ac26520775d1d2086316ae394b9afb2105371450b08cbf8d5ddccb85585b9f5630676cf75662a20eaebb5153c037e658fede6df0cc872592dec5a3d44320ba44740a9780fc4d0065dd1efa034093b1e83b022b66aeaa703bf003316fdd3441c55ae4be65381081818d0f179579883c4180af42e1634da842f9081b5247a74ab702522727e0387db91b63&p=9e3d8f16d9c111a052eddd354208&newp=87759a4fd69b5ffc57efd22c525d92695803ed623fd4c44324b9d71fd325001c1b69e7bc25201707d3c1796102a9485bebf73570301766dada9fca458ae7c47031&user=baidu&fm=sc&query=%CF%C3%C3%C5%CA%D0%D6%DA%C0%F6%B9%E2%B5%E7%BF%C6%BC%BC%D3%D0%CF%DE%B9%AB%CB%BE++%C8%CB%CA%FD&qid=93c54f1500005795&p1=4" "Mozilla/4.0 (compatible; MSIE 7.0; Windows NT 6.1; Trident/5.0; SLCC2; .NET CLR 2.0.50727; .NET CLR 3.5.30729; .NET CLR 3.0.30729; Media Center PC 6.0; InfoPath.2; .NET CLR 3.0.4506.2152; .NET4.0C; .NET4.0E)" "-" led.baidajob.com
106.6.61.226 - - [25/Dec/2017:11:23:53 +0800] "GET /images/top-gou.png HTTP/1.1" 200 2654 "http://tc.baidajob.com/css/base.css?20140722%2014:10" "Mozilla/5.0 (Windows NT 6.1; WOW64) AppleWebKit/537.36 (KHTML, like Gecko) Chrome/55.0.2883.87 Safari/537.36" "-" tc.baidajob.com
106.6.61.226 - - [25/Dec/2017:11:23:53 +0800] "GET /images/top_jt.gif HTTP/1.1" 200 64 "http://tc.baidajob.com/css/baidajob.css" "Mozilla/5.0 (Windows NT 6.1; WOW64) AppleWebKit/537.36 (KHTML, like Gecko) Chrome/55.0.2883.87 Safari/537.36" "-" tc.baidajob.com
36.5.197.128 - - [25/Dec/2017:11:23:53 +0800] "GET /company/user/sendveirfy?verify&user_mobile=18355106868 HTTP/1.1" 200 120 "-" "Mozilla/4.0 (compatible; MSIE 7.0; Windows NT 5.1; The World)" "-" coating.baidajob.com
106.6.61.226 - - [25/Dec/2017:11:23:53 +0800] "GET /images/ds-index-ico.png HTTP/1.1" 200 28306 "http://tc.baidajob.com/css/png_n-com-manage.css" "Mozilla/5.0 (Windows NT 6.1; WOW64) AppleWebKit/537.36 (KHTML, like Gecko) Chrome/55.0.2883.87 Safari/537.36" "-" tc.baidajob.com
106.6.61.226 - - [25/Dec/2017:11:23:53 +0800] "GET /images/home.png HTTP/1.1" 200 3082 "http://tc.baidajob.com/css/base.css?20140722%2014:10" "Mozilla/5.0 (Windows NT 6.1; WOW64) AppleWebKit/537.36 (KHTML, like Gecko) Chrome/55.0.2883.87 Safari/537.36" "-" tc.baidajob.com
106.6.61.226 - - [25/Dec/2017:11:23:53 +0800] "GET /images/hy-menu-bg.png HTTP/1.1" 200 20973 "http://tc.baidajob.com/css/baidajob.css" "Mozilla/5.0 (Windows NT 6.1; WOW64) AppleWebKit/537.36 (KHTML, like Gecko) Chrome/55.0.2883.87 Safari/537.36" "-" tc.baidajob.com
211.140.222.131 - - [25/Dec/2017:11:23:53 +0800] "GET / HTTP/1.1" 200 23385 "-" "Mozilla/5.0 (iPhone; CPU iPhone OS 11_1_2 like Mac OS X) AppleWebKit/604.3.5 (KHTML, like Gecko) Mobile/15B202 baiduboxapp/10.1.0.20 (Baidu; P2 11.1.2)" "-" sn.baidajob.com
111.206.36.142 - - [25/Dec/2017:11:23:53 +0800] "GET /js/base.js HTTP/1.1" 200 25575 "http://xjxl.baidajob.com/co-1555057.html" "Mozilla/5.0 (Windows NT 6.1; WOW64; rv:43.0) Gecko/20100101 Firefox/43.0" "-" xjxl.baidajob.com
106.6.61.226 - - [25/Dec/2017:11:23:53 +0800] "GET /images/line-ccc.gif HTTP/1.1" 200 43 "http://tc.baidajob.com/css/base.css?20140722%2014:10" "Mozilla/5.0 (Windows NT 6.1; WOW64) AppleWebKit/537.36 (KHTML, like Gecko) Chrome/55.0.2883.87 Safari/537.36" "-" tc.baidajob.com
106.6.61.226 - - [25/Dec/2017:11:23:53 +0800] "GET /images/ds_global_button_bg.png HTTP/1.1" 200 13804 "http://tc.baidajob.com/co-860516.html" "Mozilla/5.0 (Windows NT 6.1; WOW64) AppleWebKit/537.36 (KHTML, like Gecko) Chrome/55.0.2883.87 Safari/537.36" "-" tc.baidajob.com
173.245.77.202 - - [25/Dec/2017:11:23:53 +0800] "GET /co-2082559.html HTTP/1.1" 200 6990 "http://jr.baidajob.com/co-2082559.html" "Mozilla/5.0 (compatible; Baiduspider/2.0; +http://www.baidu.com/search/spider.html)" "-" sales.baidajob.com
106.6.61.226 - - [25/Dec/2017:11:23:53 +0800] "GET /images/top_menu-ab.jpg HTTP/1.1" 200 458 "http://tc.baidajob.com/css/base.css?20140722%2014:10" "Mozilla/5.0 (Windows NT 6.1; WOW64) AppleWebKit/537.36 (KHTML, like Gecko) Chrome/55.0.2883.87 Safari/537.36" "-" tc.baidajob.com
106.38.241.107 - - [25/Dec/2017:11:23:53 +0800] "GET /resume/detail?detail_id=3846782&resume_id=6563175 HTTP/1.1" 403 162 "-" "Sogou web spider/4.0(+http://www.sogou.com/docs/help/webmasters.htm#07)" "-" coating.baidajob.com
40.77.167.104 - - [25/Dec/2017:11:23:53 +0800] "GET /invite-5753326.html HTTP/1.1" 403 162 "-" "Mozilla/5.0 (compatible; bingbot/2.0; +http://www.bing.com/bingbot.htm)" "-" led.baidajob.com
23.27.117.166 - - [25/Dec/2017:11:23:53 +0800] "GET /co-2082557.html HTTP/1.1" 200 6405 "http://jr.baidajob.com/co-2082557.html" "Mozilla/5.0 (compatible; Baiduspider/2.0; +http://www.baidu.com/search/spider.html)" "-" sales.baidajob.com
106.6.61.226 - - [25/Dec/2017:11:23:53 +0800] "GET /images/favicon.ico HTTP/1.1" 200 1150 "http://tc.baidajob.com/co-860516.html" "Mozilla/5.0 (Windows NT 6.1; WOW64) AppleWebKit/537.36 (KHTML, like Gecko) Chrome/55.0.2883.87 Safari/537.36" "-" tc.baidajob.com
119.57.159.184 - - [25/Dec/2017:11:23:53 +0800] "GET /co-650768.html HTTP/1.1" 200 6503 "-" "Mozilla/5.0" "-" www.baidajob.com
220.181.108.118 - - [25/Dec/2017:11:23:53 +0800] "GET /invite-3594529.html HTTP/1.1" 200 7336 "-" "Mozilla/5.0 (compatible; Baiduspider/2.0; +http://www.baidu.com/search/spider.html)" "-" rl.baidajob.com
106.6.61.226 - - [25/Dec/2017:11:23:53 +0800] "GET /images/aui_title_bg.gif HTTP/1.1" 200 154 "http://tc.baidajob.com/css/ui-base.css?20140722%2014:10" "Mozilla/5.0 (Windows NT 6.1; WOW64) AppleWebKit/537.36 (KHTML, like Gecko) Chrome/55.0.2883.87 Safari/537.36" "-" tc.baidajob.com
106.6.61.226 - - [25/Dec/2017:11:23:53 +0800] "GET /images/aui_title_ico.gif HTTP/1.1" 200 682 "http://tc.baidajob.com/css/ui-base.css?20140722%2014:10" "Mozilla/5.0 (Windows NT 6.1; WOW64) AppleWebKit/537.36 (KHTML, like Gecko) Chrome/55.0.2883.87 Safari/537.36" "-" tc.baidajob.com
106.6.61.226 - - [25/Dec/2017:11:23:53 +0800] "GET /images/loading.gif HTTP/1.1" 200 381 "http://tc.baidajob.com/css/ui-base.css?20140722%2014:10" "Mozilla/5.0 (Windows NT 6.1; WOW64) AppleWebKit/537.36 (KHTML, like Gecko) Chrome/55.0.2883.87 Safari/537.36" "-" tc.baidajob.com
51.255.71.129 - - [25/Dec/2017:11:23:53 +0800] "GET /invite-4035408.html HTTP/1.1" 200 7666 "-" "Mozilla/5.0 (compatible; AhrefsBot/5.2; +http://ahrefs.com/robot/)" "-" jj.baidajob.com
175.20.88.203 - - [25/Dec/2017:11:23:53 +0800] "GET /invite-4963002.html HTTP/1.1" 200 7470 "-" "Mozilla/5.0" "-" www.baidajob.com
54.36.148.61 - - [25/Dec/2017:11:23:53 +0800] "GET /invite-3591124.html HTTP/1.1" 200 6961 "-" "Mozilla/5.0 (compatible; AhrefsBot/5.2; +http://ahrefs.com/robot/)" "-" rl.baidajob.com
175.20.88.200 - - [25/Dec/2017:11:23:53 +0800] "GET /invite-1210573.html HTTP/1.1" 200 7330 "-" "Mozilla/5.0" "-" www.baidajob.com
40.77.167.104 - - [25/Dec/2017:11:23:53 +0800] "GET /co-2083390.html HTTP/1.1" 403 162 "-" "Mozilla/5.0 (compatible; bingbot/2.0; +http://www.bing.com/bingbot.htm)" "-" bm.baidajob.com
119.57.159.181 - - [25/Dec/2017:11:23:53 +0800] "GET /invite-2916157.html HTTP/1.1" 200 7559 "-" "Mozilla/5.0" "-" www.baidajob.com
175.20.88.204 - - [25/Dec/2017:11:23:54 +0800] "GET /invite-727296.html HTTP/1.1" 200 7288 "-" "Mozilla/5.0" "-" www.baidajob.com
175.20.88.201 - - [25/Dec/2017:11:23:54 +0800] "GET /invite-733405.html HTTP/1.1" 200 7343 "-" "Mozilla/5.0" "-" www.baidajob.com
36.102.236.211 - - [25/Dec/2017:11:23:54 +0800] "HEAD / HTTP/1.1" 301 0 "-" "Mozilla/5.0 (compatible; MSIE 10.0; Windows NT 6.1; Trident/6.0)" "-" baidajob.com
123.60.101.17 - - [25/Dec/2017:11:23:54 +0800] "GET / HTTP/1.1" 200 97538 "-" "Mozilla/5.0 (Windows NT 6.1; WOW64; rv:39.0) Gecko/20100101 Firefox/39.0" "-" weld.baidajob.com
216.172.155.155 - - [25/Dec/2017:11:23:54 +0800] "GET /co-2082562.html HTTP/1.1" 301 20 "http://jr.baidajob.com/co-2082562.html" "Mozilla/5.0 (compatible; Baiduspider/2.0; +http://www.baidu.com/search/spider.html)" "-" jr.baidajob.com
220.181.125.178 - - [25/Dec/2017:11:23:54 +0800] "GET /webbuild-model/home-a/qiuzhi/jobinfo.asp?invite_ID=1056552 HTTP/1.1" 403 162 "-" "Sogou web spider/4.0(+http://www.sogou.com/docs/help/webmasters.htm#07)" "-" xftc.baidajob.com
175.20.88.200 - - [25/Dec/2017:11:23:54 +0800] "GET /invite-4721660.html HTTP/1.1" 200 7559 "-" "Mozilla/5.0" "-" www.baidajob.com
119.57.159.180 - - [25/Dec/2017:11:23:54 +0800] "GET /invite-4873127.html HTTP/1.1" 200 7582 "-" "Mozilla/5.0" "-" www.baidajob.com
50.117.40.74 - - [25/Dec/2017:11:23:54 +0800] "GET /co-2082561.html HTTP/1.1" 200 6925 "http://jr.baidajob.com/co-2082561.html" "Mozilla/5.0 (compatible; Baiduspider/2.0; +http://www.baidu.com/search/spider.html)" "-" sales.baidajob.com
211.140.222.131 - - [25/Dec/2017:11:23:54 +0800] "GET /css/base.css?20140722%2014:10 HTTP/1.1" 200 10824 "http://sn.baidajob.com/" "Mozilla/5.0 (iPhone; CPU iPhone OS 11_1_2 like Mac OS X) AppleWebKit/604.3.5 (KHTML, like Gecko) Mobile/15B202 baiduboxapp/10.1.0.20 (Baidu; P2 11.1.2)" "-" sn.baidajob.com
119.57.159.183 - - [25/Dec/2017:11:23:54 +0800] "GET /co-1936206.html HTTP/1.1" 200 6128 "-" "Mozilla/5.0" "-" www.baidajob.com
175.20.88.205 - - [25/Dec/2017:11:23:54 +0800] "GET /invite-5012942.html HTTP/1.1" 200 7576 "-" "Mozilla/5.0" "-" www.baidajob.com
119.57.159.182 - - [25/Dec/2017:11:23:54 +0800] "GET /invite-4868356.html HTTP/1.1" 200 7535 "-" "Mozilla/5.0" "-" www.baidajob.com
121.34.154.205 - - [25/Dec/2017:11:23:54 +0800] "GET /wpad.dat HTTP/1.1" 404 18421 "-" "WinHttp-Autoproxy-Service/5.1" "-" 119.147.213.164
211.140.222.131 - - [25/Dec/2017:11:23:54 +0800] "GET /css/ui-base.css?20140722%2014:10 HTTP/1.1" 200 4730 "http://sn.baidajob.com/" "Mozilla/5.0 (iPhone; CPU iPhone OS 11_1_2 like Mac OS X) AppleWebKit/604.3.5 (KHTML, like Gecko) Mobile/15B202 baiduboxapp/10.1.0.20 (Baidu; P2 11.1.2)" "-" sn.baidajob.com
211.140.222.131 - - [25/Dec/2017:11:23:54 +0800] "GET /css/baidajob.css HTTP/1.1" 200 6375 "http://sn.baidajob.com/" "Mozilla/5.0 (iPhone; CPU iPhone OS 11_1_2 like Mac OS X) AppleWebKit/604.3.5 (KHTML, like Gecko) Mobile/15B202 baiduboxapp/10.1.0.20 (Baidu; P2 11.1.2)" "-" sn.baidajob.com
205.164.1.216 - - [25/Dec/2017:11:23:54 +0800] "GET /co-2082560.html HTTP/1.1" 200 6040 "http://jr.baidajob.com/co-2082560.html" "Mozilla/5.0 (compatible; Baiduspider/2.0; +http://www.baidu.com/search/spider.html)" "-" sales.baidajob.com
122.228.199.114 - - [25/Dec/2017:11:23:54 +0800] "HEAD / HTTP/1.1" 301 0 "-" "Mozilla/5.0 (compatible; MSIE 10.0; Windows NT 6.1; Trident/6.0)" "-" baidajob.com
211.140.222.131 - - [25/Dec/2017:11:23:54 +0800] "GET /M00/05/33/d5PVpFop4NiSXhqwAACX1ZowjUw446.gif HTTP/1.1" 200 38869 "http://sn.baidajob.com/" "Mozilla/5.0 (iPhone; CPU iPhone OS 11_1_2 like Mac OS X) AppleWebKit/604.3.5 (KHTML, like Gecko) Mobile/15B202 baiduboxapp/10.1.0.20 (Baidu; P2 11.1.2)" "-" image.baidajob.com
211.140.222.131 - - [25/Dec/2017:11:23:54 +0800] "GET /M00/05/13/d5PVpFloJFb4ixXaAACiyO0lIPg548.gif HTTP/1.1" 200 41672 "http://sn.baidajob.com/" "Mozilla/5.0 (iPhone; CPU iPhone OS 11_1_2 like Mac OS X) AppleWebKit/604.3.5 (KHTML, like Gecko) Mobile/15B202 baiduboxapp/10.1.0.20 (Baidu; P2 11.1.2)" "-" image.baidajob.com
211.140.222.131 - - [25/Dec/2017:11:23:54 +0800] "GET /M00/03/32/d5PVpFaBUnb3-3OJAABPnlNufrE929.gif HTTP/1.1" 200 20382 "http://sn.baidajob.com/" "Mozilla/5.0 (iPhone; CPU iPhone OS 11_1_2 like Mac OS X) AppleWebKit/604.3.5 (KHTML, like Gecko) Mobile/15B202 baiduboxapp/10.1.0.20 (Baidu; P2 11.1.2)" "-" image.baidajob.com
211.140.222.131 - - [25/Dec/2017:11:23:54 +0800] "GET /M00/04/F7/d5PVpFjwGGat0PCvAACnl5ThiE0020.gif HTTP/1.1" 200 42903 "http://sn.baidajob.com/" "Mozilla/5.0 (iPhone; CPU iPhone OS 11_1_2 like Mac OS X) AppleWebKit/604.3.5 (KHTML, like Gecko) Mobile/15B202 baiduboxapp/10.1.0.20 (Baidu; P2 11.1.2)" "-" image.baidajob.com
211.140.222.131 - - [25/Dec/2017:11:23:54 +0800] "GET /js/jsloader.js?20140722%2014:10 HTTP/1.1" 200 8892 "http://sn.baidajob.com/" "Mozilla/5.0 (iPhone; CPU iPhone OS 11_1_2 like Mac OS X) AppleWebKit/604.3.5 (KHTML, like Gecko) Mobile/15B202 baiduboxapp/10.1.0.20 (Baidu; P2 11.1.2)" "-" sn.baidajob.com
123.125.71.78 - - [25/Dec/2017:11:23:54 +0800] "GET /images/favicon.ico HTTP/1.1" 200 1150 "-" "Mozilla/5.0 (compatible; Baiduspider/2.0; +http://www.baidu.com/search/spider.html)" "-" fibr.baidajob.com
123.60.101.17 - - [25/Dec/2017:11:23:54 +0800] "GET /sysmanage/Images/login_02.jpg HTTP/1.1" 404 18519 "-" "Baiduspider" "-" weld.baidajob.com
216.172.155.130 - - [25/Dec/2017:11:23:54 +0800] "GET /co-2082563.html HTTP/1.1" 301 20 "http://jr.baidajob.com/co-2082563.html" "Mozilla/5.0 (compatible; Baiduspider/2.0; +http://www.baidu.com/search/spider.html)" "-" jr.baidajob.com
175.20.88.200 - - [25/Dec/2017:11:23:54 +0800] "GET /invite-4819596.html HTTP/1.1" 200 7023 "-" "Mozilla/5.0" "-" www.baidajob.com
35.225.221.87 - - [25/Dec/2017:11:23:54 +0800] "GET /robots.txt HTTP/1.1" 200 171 "-" "ltx71 - (http://ltx71.com/)" "-" sk.baidajob.com
211.140.222.131 - - [25/Dec/2017:11:23:54 +0800] "GET /js/jquery.scrollLoading-min.js?20140722%2014:10 HTTP/1.1" 200 1804 "http://sn.baidajob.com/" "Mozilla/5.0 (iPhone; CPU iPhone OS 11_1_2 like Mac OS X) AppleWebKit/604.3.5 (KHTML, like Gecko) Mobile/15B202 baiduboxapp/10.1.0.20 (Baidu; P2 11.1.2)" "-" sn.baidajob.com
117.64.142.11 - - [25/Dec/2017:11:23:54 +0800] "GET /company/user/sendveirfy?verify&user_mobile=17706639952 HTTP/1.1" 200 120 "-" "Mozilla/5.0 (compatible; MSIE 9.0; Windows NT 6.1; Trident/5.0;" "-" coating.baidajob.com
211.140.222.131 - - [25/Dec/2017:11:23:54 +0800] "GET /_wedload/css/css.css HTTP/1.1" 200 189 "http://sn.baidajob.com/" "Mozilla/5.0 (iPhone; CPU iPhone OS 11_1_2 like Mac OS X) AppleWebKit/604.3.5 (KHTML, like Gecko) Mobile/15B202 baiduboxapp/10.1.0.20 (Baidu; P2 11.1.2)" "-" sn.baidajob.com
211.140.222.131 - - [25/Dec/2017:11:23:54 +0800] "GET /_wedload/js/wls.js HTTP/1.1" 200 4457 "http://sn.baidajob.com/" "Mozilla/5.0 (iPhone; CPU iPhone OS 11_1_2 like Mac OS X) AppleWebKit/604.3.5 (KHTML, like Gecko) Mobile/15B202 baiduboxapp/10.1.0.20 (Baidu; P2 11.1.2)" "-" sn.baidajob.com
211.140.222.131 - - [25/Dec/2017:11:23:54 +0800] "GET /js/jquery.flashSlider-1.0.js HTTP/1.1" 200 4368 "http://sn.baidajob.com/" "Mozilla/5.0 (iPhone; CPU iPhone OS 11_1_2 like Mac OS X) AppleWebKit/604.3.5 (KHTML, like Gecko) Mobile/15B202 baiduboxapp/10.1.0.20 (Baidu; P2 11.1.2)" "-" sn.baidajob.com
49.83.103.171 - - [25/Dec/2017:11:23:54 +0800] "GET /favicon.ico HTTP/1.1" 404 4518 "-" "Mozilla/5.0 (Windows NT 6.1; WOW64) AppleWebKit/537.36 (KHTML, like Gecko) Chrome/53.0.2785.104 Safari/537.36 Core/1.53.2759.400 QQBrowser/9.6.11266.400" "-" www.baidajob.com
211.140.222.131 - - [25/Dec/2017:11:23:55 +0800] "GET /js/jQuery.slideImg.js HTTP/1.1" 200 2461 "http://sn.baidajob.com/" "Mozilla/5.0 (iPhone; CPU iPhone OS 11_1_2 like Mac OS X) AppleWebKit/604.3.5 (KHTML, like Gecko) Mobile/15B202 baiduboxapp/10.1.0.20 (Baidu; P2 11.1.2)" "-" sn.baidajob.com
211.140.222.131 - - [25/Dec/2017:11:23:55 +0800] "GET /M00/05/35/d5PVpFo6CwC-EvtfAAECtwm-jh8143.jpg HTTP/1.1" 200 66231 "http://sn.baidajob.com/" "Mozilla/5.0 (iPhone; CPU iPhone OS 11_1_2 like Mac OS X) AppleWebKit/604.3.5 (KHTML, like Gecko) Mobile/15B202 baiduboxapp/10.1.0.20 (Baidu; P2 11.1.2)" "-" image.baidajob.com
211.140.222.131 - - [25/Dec/2017:11:23:55 +0800] "GET /css/png_n-com-manage.css HTTP/1.1" 200 2186 "http://sn.baidajob.com/" "Mozilla/5.0 (iPhone; CPU iPhone OS 11_1_2 like Mac OS X) AppleWebKit/604.3.5 (KHTML, like Gecko) Mobile/15B202 baiduboxapp/10.1.0.20 (Baidu; P2 11.1.2)" "-" sn.baidajob.com
79.171.81.129 - - [25/Dec/2017:11:23:55 +0800] "GET /invite-4327245.html HTTP/1.1" 200 8169 "-" "Mozilla/4.0 (compatible; MSIE 6.0; Windows NT 5.1)" "-" coating.baidajob.com
211.140.222.131 - - [25/Dec/2017:11:23:55 +0800] "GET /upload/bd/logo/111001.png HTTP/1.1" 200 9051 "http://sn.baidajob.com/" "Mozilla/5.0 (iPhone; CPU iPhone OS 11_1_2 like Mac OS X) AppleWebKit/604.3.5 (KHTML, like Gecko) Mobile/15B202 baiduboxapp/10.1.0.20 (Baidu; P2 11.1.2)" "-" sn.baidajob.com
211.140.222.131 - - [25/Dec/2017:11:23:55 +0800] "GET /images/zhaopin_ads/trade/01.jpg HTTP/1.1" 200 20840 "http://sn.baidajob.com/" "Mozilla/5.0 (iPhone; CPU iPhone OS 11_1_2 like Mac OS X) AppleWebKit/604.3.5 (KHTML, like Gecko) Mobile/15B202 baiduboxapp/10.1.0.20 (Baidu; P2 11.1.2)" "-" sn.baidajob.com
211.140.222.131 - - [25/Dec/2017:11:23:55 +0800] "GET /images/343x45.gif HTTP/1.1" 200 6751 "http://sn.baidajob.com/" "Mozilla/5.0 (iPhone; CPU iPhone OS 11_1_2 like Mac OS X) AppleWebKit/604.3.5 (KHTML, like Gecko) Mobile/15B202 baiduboxapp/10.1.0.20 (Baidu; P2 11.1.2)" "-" sn.baidajob.com
106.6.61.226 - - [25/Dec/2017:11:23:55 +0800] "GET /front/index/search?obj=showsearch HTTP/1.1" 200 2050 "http://tc.baidajob.com/co-860516.html" "Mozilla/5.0 (Windows NT 6.1; WOW64) AppleWebKit/537.36 (KHTML, like Gecko) Chrome/55.0.2883.87 Safari/537.36" "-" tc.baidajob.com
123.60.101.17 - - [25/Dec/2017:11:23:55 +0800] "GET / HTTP/1.1" 200 125001 "-" "Mozilla/5.0 (Windows NT 6.1; WOW64; rv:39.0) Gecko/20100101 Firefox/39.0" "-" ylrq.baidajob.com
121.34.154.205 - - [25/Dec/2017:11:23:55 +0800] "GET /wpad.dat HTTP/1.1" 404 18406 "-" "WinHttp-Autoproxy-Service/5.1" "-" 119.147.213.164
211.140.222.131 - - [25/Dec/2017:11:23:55 +0800] "GET /M00/05/2B/d5PVpFoA_K_AkNlkAAAjARiisRI532.gif HTTP/1.1" 200 8961 "http://sn.baidajob.com/" "Mozilla/5.0 (iPhone; CPU iPhone OS 11_1_2 like Mac OS X) AppleWebKit/604.3.5 (KHTML, like Gecko) Mobile/15B202 baiduboxapp/10.1.0.20 (Baidu; P2 11.1.2)" "-" image.baidajob.com
211.140.222.131 - - [25/Dec/2017:11:23:55 +0800] "GET /M00/05/2B/d5PVpFoA_Pf7IIFsAAAumqOSqXU769.gif HTTP/1.1" 200 11930 "http://sn.baidajob.com/" "Mozilla/5.0 (iPhone; CPU iPhone OS 11_1_2 like Mac OS X) AppleWebKit/604.3.5 (KHTML, like Gecko) Mobile/15B202 baiduboxapp/10.1.0.20 (Baidu; P2 11.1.2)" "-" image.baidajob.com
211.140.222.131 - - [25/Dec/2017:11:23:55 +0800] "GET /images/zhaopin_ads/trade/02.jpg HTTP/1.1" 200 22950 "http://sn.baidajob.com/" "Mozilla/5.0 (iPhone; CPU iPhone OS 11_1_2 like Mac OS X) AppleWebKit/604.3.5 (KHTML, like Gecko) Mobile/15B202 baiduboxapp/10.1.0.20 (Baidu; P2 11.1.2)" "-" sn.baidajob.com
211.140.222.131 - - [25/Dec/2017:11:23:55 +0800] "GET /M00/02/82/d5PVpFHdHLqm4PguAAAY241IdWk762.gif HTTP/1.1" 200 6363 "http://sn.baidajob.com/" "Mozilla/5.0 (iPhone; CPU iPhone OS 11_1_2 like Mac OS X) AppleWebKit/604.3.5 (KHTML, like Gecko) Mobile/15B202 baiduboxapp/10.1.0.20 (Baidu; P2 11.1.2)" "-" image.baidajob.com
123.125.71.36 - - [25/Dec/2017:11:23:55 +0800] "GET /co-921400.html HTTP/1.1" 200 6218 "-" "Mozilla/5.0 (compatible; Baiduspider/2.0; +http://www.baidu.com/search/spider.html)" "-" led.baidajob.com
106.6.61.226 - - [25/Dec/2017:11:23:55 +0800] "GET /images/search-up.gif HTTP/1.1" 200 121 "http://tc.baidajob.com/css/base.css?20140722%2014:10" "Mozilla/5.0 (Windows NT 6.1; WOW64) AppleWebKit/537.36 (KHTML, like Gecko) Chrome/55.0.2883.87 Safari/537.36" "-" tc.baidajob.com
106.6.61.226 - - [25/Dec/2017:11:23:55 +0800] "GET /images/ds-index-ico-downlist.gif HTTP/1.1" 200 202 "http://tc.baidajob.com/css/base.css?20140722%2014:10" "Mozilla/5.0 (Windows NT 6.1; WOW64) AppleWebKit/537.36 (KHTML, like Gecko) Chrome/55.0.2883.87 Safari/537.36" "-" tc.baidajob.com
211.140.222.131 - - [25/Dec/2017:11:23:55 +0800] "GET /js/jquery.min.js?20140722%2014:10 HTTP/1.1" 200 157202 "http://sn.baidajob.com/" "Mozilla/5.0 (iPhone; CPU iPhone OS 11_1_2 like Mac OS X) AppleWebKit/604.3.5 (KHTML, like Gecko) Mobile/15B202 baiduboxapp/10.1.0.20 (Baidu; P2 11.1.2)" "-" sn.baidajob.com
211.140.222.131 - - [25/Dec/2017:11:23:55 +0800] "GET /images/zhaopin_ads/trade/03.jpg HTTP/1.1" 200 43243 "http://sn.baidajob.com/" "Mozilla/5.0 (iPhone; CPU iPhone OS 11_1_2 like Mac OS X) AppleWebKit/604.3.5 (KHTML, like Gecko) Mobile/15B202 baiduboxapp/10.1.0.20 (Baidu; P2 11.1.2)" "-" sn.baidajob.com
211.140.222.131 - - [25/Dec/2017:11:23:55 +0800] "GET /M00/05/14/d5PVpFluq6yTyJOpAAAwdWOYHc8874.gif HTTP/1.1" 200 12405 "http://sn.baidajob.com/" "Mozilla/5.0 (iPhone; CPU iPhone OS 11_1_2 like Mac OS X) AppleWebKit/604.3.5 (KHTML, like Gecko) Mobile/15B202 baiduboxapp/10.1.0.20 (Baidu; P2 11.1.2)" "-" image.baidajob.com
211.140.222.131 - - [25/Dec/2017:11:23:55 +0800] "GET /M00/05/13/d5PVpFloI3_e9nJjAAAYmaPOisg629.gif HTTP/1.1" 200 6297 "http://sn.baidajob.com/" "Mozilla/5.0 (iPhone; CPU iPhone OS 11_1_2 like Mac OS X) AppleWebKit/604.3.5 (KHTML, like Gecko) Mobile/15B202 baiduboxapp/10.1.0.20 (Baidu; P2 11.1.2)" "-" image.baidajob.com
211.140.222.131 - - [25/Dec/2017:11:23:55 +0800] "GET /images/zhaopin_ads/trade/04.jpg HTTP/1.1" 200 19940 "http://sn.baidajob.com/" "Mozilla/5.0 (iPhone; CPU iPhone OS 11_1_2 like Mac OS X) AppleWebKit/604.3.5 (KHTML, like Gecko) Mobile/15B202 baiduboxapp/10.1.0.20 (Baidu; P2 11.1.2)" "-" sn.baidajob.com
211.140.222.131 - - [25/Dec/2017:11:23:55 +0800] "GET /M00/03/EE/d5PVpFgQQ7j2GqizAAA7Iqk2bmM341.gif HTTP/1.1" 200 15138 "http://sn.baidajob.com/" "Mozilla/5.0 (iPhone; CPU iPhone OS 11_1_2 like Mac OS X) AppleWebKit/604.3.5 (KHTML, like Gecko) Mobile/15B202 baiduboxapp/10.1.0.20 (Baidu; P2 11.1.2)" "-" image.baidajob.com
211.140.222.131 - - [25/Dec/2017:11:23:55 +0800] "GET /M00/05/2A/d5PVpFn_sgen-VODAAAhj4-5g3M026.gif HTTP/1.1" 200 8591 "http://sn.baidajob.com/" "Mozilla/5.0 (iPhone; CPU iPhone OS 11_1_2 like Mac OS X) AppleWebKit/604.3.5 (KHTML, like Gecko) Mobile/15B202 baiduboxapp/10.1.0.20 (Baidu; P2 11.1.2)" "-" image.baidajob.com
211.140.222.131 - - [25/Dec/2017:11:23:55 +0800] "GET /images/pixel.gif HTTP/1.1" 200 43 "http://sn.baidajob.com/" "Mozilla/5.0 (iPhone; CPU iPhone OS 11_1_2 like Mac OS X) AppleWebKit/604.3.5 (KHTML, like Gecko) Mobile/15B202 baiduboxapp/10.1.0.20 (Baidu; P2 11.1.2)" "-" sn.baidajob.com
50.117.40.69 - - [25/Dec/2017:11:23:55 +0800] "GET /co-2082564.html HTTP/1.1" 301 20 "http://jr.baidajob.com/co-2082564.html" "Mozilla/5.0 (compatible; Baiduspider/2.0; +http://www.baidu.com/search/spider.html)" "-" jr.baidajob.com
211.140.222.131 - - [25/Dec/2017:11:23:55 +0800] "GET /M00/03/32/d5PVpFaBZtS539fwAAAjwEm3280384.gif HTTP/1.1" 200 9152 "http://sn.baidajob.com/" "Mozilla/5.0 (iPhone; CPU iPhone OS 11_1_2 like Mac OS X) AppleWebKit/604.3.5 (KHTML, like Gecko) Mobile/15B202 baiduboxapp/10.1.0.20 (Baidu; P2 11.1.2)" "-" image.baidajob.com
211.140.222.131 - - [25/Dec/2017:11:23:55 +0800] "GET /images/img_bottom_0.png HTTP/1.1" 200 4873 "http://sn.baidajob.com/" "Mozilla/5.0 (iPhone; CPU iPhone OS 11_1_2 like Mac OS X) AppleWebKit/604.3.5 (KHTML, like Gecko) Mobile/15B202 baiduboxapp/10.1.0.20 (Baidu; P2 11.1.2)" "-" sn.baidajob.com
211.140.222.131 - - [25/Dec/2017:11:23:55 +0800] "GET /M00/05/34/d5PVpFouTjqWsxbHAAAeqswTS8s263.jpg HTTP/1.1" 200 7850 "http://sn.baidajob.com/" "Mozilla/5.0 (iPhone; CPU iPhone OS 11_1_2 like Mac OS X) AppleWebKit/604.3.5 (KHTML, like Gecko) Mobile/15B202 baiduboxapp/10.1.0.20 (Baidu; P2 11.1.2)" "-" image.baidajob.com
211.140.222.131 - - [25/Dec/2017:11:23:55 +0800] "GET /images/img_bottom_1.png HTTP/1.1" 200 2016 "http://sn.baidajob.com/" "Mozilla/5.0 (iPhone; CPU iPhone OS 11_1_2 like Mac OS X) AppleWebKit/604.3.5 (KHTML, like Gecko) Mobile/15B202 baiduboxapp/10.1.0.20 (Baidu; P2 11.1.2)" "-" sn.baidajob.com
185.190.142.2 - - [25/Dec/2017:11:23:55 +0800] "GET /262/ HTTP/1.1" 404 4483 "http://www.baidu.com" "Mozilla/4.0 (compatible; MSIE 9.0; Windows NT 6.1)" "-" hb.baidajob.com
211.140.222.131 - - [25/Dec/2017:11:23:55 +0800] "GET /M00/01/C7/d5PVpFFnrsOkN1QxAAAWxIilUsc920.gif HTTP/1.1" 200 5828 "http://sn.baidajob.com/" "Mozilla/5.0 (iPhone; CPU iPhone OS 11_1_2 like Mac OS X) AppleWebKit/604.3.5 (KHTML, like Gecko) Mobile/15B202 baiduboxapp/10.1.0.20 (Baidu; P2 11.1.2)" "-" image.baidajob.com
211.140.222.131 - - [25/Dec/2017:11:23:55 +0800] "GET /M00/05/30/d5PVpFocrvfGV-V2AAAWIW-5rok949.gif HTTP/1.1" 200 5665 "http://sn.baidajob.com/" "Mozilla/5.0 (iPhone; CPU iPhone OS 11_1_2 like Mac OS X) AppleWebKit/604.3.5 (KHTML, like Gecko) Mobile/15B202 baiduboxapp/10.1.0.20 (Baidu; P2 11.1.2)" "-" image.baidajob.com
211.140.222.131 - - [25/Dec/2017:11:23:55 +0800] "GET /images/img_bottom_2.png HTTP/1.1" 200 3848 "http://sn.baidajob.com/" "Mozilla/5.0 (iPhone; CPU iPhone OS 11_1_2 like Mac OS X) AppleWebKit/604.3.5 (KHTML, like Gecko) Mobile/15B202 baiduboxapp/10.1.0.20 (Baidu; P2 11.1.2)" "-" sn.baidajob.com
211.140.222.131 - - [25/Dec/2017:11:23:55 +0800] "GET /images/img_bottom_3.png HTTP/1.1" 200 2788 "http://sn.baidajob.com/" "Mozilla/5.0 (iPhone; CPU iPhone OS 11_1_2 like Mac OS X) AppleWebKit/604.3.5 (KHTML, like Gecko) Mobile/15B202 baiduboxapp/10.1.0.20 (Baidu; P2 11.1.2)" "-" sn.baidajob.com
211.140.222.131 - - [25/Dec/2017:11:23:55 +0800] "GET /M00/01/2F/d5PVpFQ3RxWn6_91AABojltOHoo850.jpg HTTP/1.1" 200 26766 "http://sn.baidajob.com/" "Mozilla/5.0 (iPhone; CPU iPhone OS 11_1_2 like Mac OS X) AppleWebKit/604.3.5 (KHTML, like Gecko) Mobile/15B202 baiduboxapp/10.1.0.20 (Baidu; P2 11.1.2)" "-" image.baidajob.com
211.140.222.131 - - [25/Dec/2017:11:23:55 +0800] "GET /M00/01/F1/d5PVpFGB-kPdMFZhAAAIZaQ45LQ627.gif HTTP/1.1" 200 2149 "http://sn.baidajob.com/" "Mozilla/5.0 (iPhone; CPU iPhone OS 11_1_2 like Mac OS X) AppleWebKit/604.3.5 (KHTML, like Gecko) Mobile/15B202 baiduboxapp/10.1.0.20 (Baidu; P2 11.1.2)" "-" image.baidajob.com
69.46.80.186 - - [25/Dec/2017:11:23:55 +0800] "GET /co-2082565.html HTTP/1.1" 301 20 "http://jr.baidajob.com/co-2082565.html" "Mozilla/5.0 (compatible; Baiduspider/2.0; +http://www.baidu.com/search/spider.html)" "-" jr.baidajob.com
123.60.101.17 - - [25/Dec/2017:11:23:55 +0800] "GET / HTTP/1.1" 200 72725 "-" "Mozilla/5.0 (Windows NT 6.1; WOW64; rv:39.0) Gecko/20100101 Firefox/39.0" "-" motor.baidajob.com
211.140.222.131 - - [25/Dec/2017:11:23:55 +0800] "GET /js/baidajob.min.js HTTP/1.1" 200 69585 "http://sn.baidajob.com/" "Mozilla/5.0 (iPhone; CPU iPhone OS 11_1_2 like Mac OS X) AppleWebKit/604.3.5 (KHTML, like Gecko) Mobile/15B202 baiduboxapp/10.1.0.20 (Baidu; P2 11.1.2)" "-" sn.baidajob.com
211.140.222.131 - - [25/Dec/2017:11:23:56 +0800] "GET /js/xheditor.min.js HTTP/1.1" 200 61074 "http://sn.baidajob.com/" "Mozilla/5.0 (iPhone; CPU iPhone OS 11_1_2 like Mac OS X) AppleWebKit/604.3.5 (KHTML, like Gecko) Mobile/15B202 baiduboxapp/10.1.0.20 (Baidu; P2 11.1.2)" "-" sn.baidajob.com
211.140.222.131 - - [25/Dec/2017:11:23:56 +0800] "GET /M00/01/73/d5PVpFE9TsibyNtBAAAGei0Jn_w755.gif HTTP/1.1" 200 1658 "http://sn.baidajob.com/" "Mozilla/5.0 (iPhone; CPU iPhone OS 11_1_2 like Mac OS X) AppleWebKit/604.3.5 (KHTML, like Gecko) Mobile/15B202 baiduboxapp/10.1.0.20 (Baidu; P2 11.1.2)" "-" image.baidajob.com
211.140.222.131 - - [25/Dec/2017:11:23:56 +0800] "GET /M00/01/3E/d5PVpFEsT53-48keAAAIR2Al_8o153.gif HTTP/1.1" 200 2119 "http://sn.baidajob.com/" "Mozilla/5.0 (iPhone; CPU iPhone OS 11_1_2 like Mac OS X) AppleWebKit/604.3.5 (KHTML, like Gecko) Mobile/15B202 baiduboxapp/10.1.0.20 (Baidu; P2 11.1.2)" "-" image.baidajob.com
211.140.222.131 - - [25/Dec/2017:11:23:56 +0800] "GET /js/jquery.validator.js HTTP/1.1" 200 18064 "http://sn.baidajob.com/" "Mozilla/5.0 (iPhone; CPU iPhone OS 11_1_2 like Mac OS X) AppleWebKit/604.3.5 (KHTML, like Gecko) Mobile/15B202 baiduboxapp/10.1.0.20 (Baidu; P2 11.1.2)" "-" sn.baidajob.com
211.140.222.131 - - [25/Dec/2017:11:23:56 +0800] "GET /js/areaSelector.js HTTP/1.1" 200 18561 "http://sn.baidajob.com/" "Mozilla/5.0 (iPhone; CPU iPhone OS 11_1_2 like Mac OS X) AppleWebKit/604.3.5 (KHTML, like Gecko) Mobile/15B202 baiduboxapp/10.1.0.20 (Baidu; P2 11.1.2)" "-" sn.baidajob.com
211.140.222.131 - - [25/Dec/2017:11:23:56 +0800] "GET /M00/01/3E/d5PVpFEsU8qRBE0kAAAMXTlJzks150.gif HTTP/1.1" 200 3165 "http://sn.baidajob.com/" "Mozilla/5.0 (iPhone; CPU iPhone OS 11_1_2 like Mac OS X) AppleWebKit/604.3.5 (KHTML, like Gecko) Mobile/15B202 baiduboxapp/10.1.0.20 (Baidu; P2 11.1.2)" "-" image.baidajob.com
123.125.71.44 - - [25/Dec/2017:11:23:56 +0800] "GET /article-537943.html HTTP/1.1" 301 20 "-" "Mozilla/5.0 (compatible; Baiduspider/2.0; +http://www.baidu.com/search/spider.html)" "-" ccgq.baidajob.com
123.125.71.60 - - [25/Dec/2017:11:23:56 +0800] "GET /invite-1361993.html HTTP/1.1" 200 4409 "-" "Mozilla/5.0 (Linux;u;Android 4.2.2;zh-cn;) AppleWebKit/534.46 (KHTML,like Gecko) Version/5.1 Mobile Safari/10600.6.3 (compatible; Baiduspider/2.0; +http://www.baidu.com/search/spider.html)" "-" m.baidajob.com
123.60.101.17 - - [25/Dec/2017:11:23:56 +0800] "GET /install/images/logo.gif HTTP/1.1" 404 18573 "-" "Baiduspider" "-" ylrq.baidajob.com
211.140.222.131 - - [25/Dec/2017:11:23:56 +0800] "GET /M00/01/F1/d5PVpFGB2p3unZemAAAHwtv5ZbM993.gif HTTP/1.1" 200 1986 "http://sn.baidajob.com/" "Mozilla/5.0 (iPhone; CPU iPhone OS 11_1_2 like Mac OS X) AppleWebKit/604.3.5 (KHTML, like Gecko) Mobile/15B202 baiduboxapp/10.1.0.20 (Baidu; P2 11.1.2)" "-" image.baidajob.com
211.140.222.131 - - [25/Dec/2017:11:23:56 +0800] "GET /M00/02/23/d5PVpFGfBBL8IoMkAAAH4s34v6M456.gif HTTP/1.1" 200 2018 "http://sn.baidajob.com/" "Mozilla/5.0 (iPhone; CPU iPhone OS 11_1_2 like Mac OS X) AppleWebKit/604.3.5 (KHTML, like Gecko) Mobile/15B202 baiduboxapp/10.1.0.20 (Baidu; P2 11.1.2)" "-" image.baidajob.com
211.140.222.131 - - [25/Dec/2017:11:23:56 +0800] "GET /M00/02/23/d5PVpFGfA6mdDZh_AAAGWJmfC7k095.gif HTTP/1.1" 200 1624 "http://sn.baidajob.com/" "Mozilla/5.0 (iPhone; CPU iPhone OS 11_1_2 like Mac OS X) AppleWebKit/604.3.5 (KHTML, like Gecko) Mobile/15B202 baiduboxapp/10.1.0.20 (Baidu; P2 11.1.2)" "-" image.baidajob.com
79.171.81.129 - - [25/Dec/2017:11:23:56 +0800] "GET /robots.txt HTTP/1.1" 200 171 "-" "Mozilla/4.0 (compatible; MSIE 6.0; Windows NT 5.1)" "-" coating.baidajob.com
